
> frontend@0.1.0 start
> react-scripts start

Starting the development server...

Compiled successfully!

You can now view frontend in the browser.

  http://localhost:3000

Note that the development build is not optimized.
To create a production build, use npm run build.

webpack compiled [1m[32msuccessfully[39m[22m
Compiling...
Compiled successfully!
webpack compiled [1m[32msuccessfully[39m[22m
Compiling...
Compiled successfully!
webpack compiled [1m[32msuccessfully[39m[22m
Compiling...
Compiled successfully!
webpack compiled [1m[32msuccessfully[39m[22m
Compiling...
Compiled successfully!
webpack compiled [1m[32msuccessfully[39m[22m
Compiling...
Compiled successfully!
webpack compiled [1m[32msuccessfully[39m[22m
Compiling...
Compiled successfully!
webpack compiled [1m[32msuccessfully[39m[22m
Compiling...
Compiled successfully!
webpack compiled [1m[32msuccessfully[39m[22m
Compiling...
Compiled successfully!
webpack compiled [1m[32msuccessfully[39m[22m
Compiling...
Compiled successfully!
webpack compiled [1m[32msuccessfully[39m[22m
Compiling...
Compiled successfully!
webpack compiled [1m[32msuccessfully[39m[22m
Compiling...
Compiled successfully!
webpack compiled [1m[32msuccessfully[39m[22m
Compiling...
Compiled successfully!
webpack compiled [1m[32msuccessfully[39m[22m
Compiling...
Compiled successfully!
webpack compiled [1m[32msuccessfully[39m[22m
Compiling...
Failed to compile.

Module not found: Error: Can't resolve './pages/DentalCard' in 'C:\Users\zyckh\OneDrive\Desktop\meu-sistema-nps\frontend\src'
[1m[31mERROR[39m[22m in [1m./src/App.js[39m[22m [1m[32m31:0-44[39m[22m
[1mModule [1m[31mnot found[39m[22m[1m: [1m[31mError[39m[22m[1m: Can't resolve './pages/DentalCard' in 'C:\Users\zyckh\OneDrive\Desktop\meu-sistema-nps\frontend\src'[39m[22m

webpack compiled with [1m[31m1 error[39m[22m
Compiling...
Failed to compile.

Module not found: Error: Can't resolve './pages/DentalCard' in 'C:\Users\zyckh\OneDrive\Desktop\meu-sistema-nps\frontend\src'
[1m[31mERROR[39m[22m in [1m./src/App.js[39m[22m [1m[32m31:0-44[39m[22m
[1mModule [1m[31mnot found[39m[22m[1m: [1m[31mError[39m[22m[1m: Can't resolve './pages/DentalCard' in 'C:\Users\zyckh\OneDrive\Desktop\meu-sistema-nps\frontend\src'[39m[22m

webpack compiled with [1m[31m1 error[39m[22m
Compiling...
Failed to compile.

Module not found: Error: Can't resolve './pages/DentalCard' in 'C:\Users\zyckh\OneDrive\Desktop\meu-sistema-nps\frontend\src'
[1m[31mERROR[39m[22m in [1m./src/App.js[39m[22m [1m[32m31:0-44[39m[22m
[1mModule [1m[31mnot found[39m[22m[1m: [1m[31mError[39m[22m[1m: Can't resolve './pages/DentalCard' in 'C:\Users\zyckh\OneDrive\Desktop\meu-sistema-nps\frontend\src'[39m[22m

webpack compiled with [1m[31m1 error[39m[22m
Compiling...
Failed to compile.

Module not found: Error: Can't resolve './pages/DentalCard' in 'C:\Users\zyckh\OneDrive\Desktop\meu-sistema-nps\frontend\src'
[1m[31mERROR[39m[22m in [1m./src/App.js[39m[22m [1m[32m31:0-44[39m[22m
[1mModule [1m[31mnot found[39m[22m[1m: [1m[31mError[39m[22m[1m: Can't resolve './pages/DentalCard' in 'C:\Users\zyckh\OneDrive\Desktop\meu-sistema-nps\frontend\src'[39m[22m

webpack compiled with [1m[31m1 error[39m[22m
Compiling...
Compiled successfully!
webpack compiled [1m[32msuccessfully[39m[22m
Compiling...
Compiled successfully!
webpack compiled [1m[32msuccessfully[39m[22m
Compiling...
Compiled successfully!
webpack compiled [1m[32msuccessfully[39m[22m
Compiling...
Compiled with warnings.

[eslint] 
src\pages\DentalCard.jsx
  Line 142:10:  'getCurrentWeekRange' is defined but never used   no-unused-vars
  Line 154:10:  'getLeadReferenceDate' is defined but never used  no-unused-vars

Search for the keywords to learn more about each warning.
To ignore, add // eslint-disable-next-line to the line before.

[1m[33mWARNING[39m[22m in [1m[eslint] 
src\pages\DentalCard.jsx
  Line 142:10:  'getCurrentWeekRange' is defined but never used   no-unused-vars
  Line 154:10:  'getLeadReferenceDate' is defined but never used  no-unused-vars

[39m[22m

webpack compiled with [1m[33m1 warning[39m[22m
Compiling...
Compiled with warnings.

[eslint] 
src\pages\DentalCard.jsx
  Line 142:10:  'getCurrentWeekRange' is defined but never used     no-unused-vars
  Line 154:10:  'getLeadReferenceDate' is defined but never used    no-unused-vars
  Line 441:18:  'openContactFicha' is defined but never used        no-unused-vars
  Line 462:18:  'saveContactFicha' is defined but never used        no-unused-vars
  Line 509:18:  'exportPdf' is defined but never used               no-unused-vars
  Line 528:18:  'downloadImportTemplate' is defined but never used  no-unused-vars

Search for the keywords to learn more about each warning.
To ignore, add // eslint-disable-next-line to the line before.

[1m[33mWARNING[39m[22m in [1m[eslint] 
src\pages\DentalCard.jsx
  Line 142:10:  'getCurrentWeekRange' is defined but never used     no-unused-vars
  Line 154:10:  'getLeadReferenceDate' is defined but never used    no-unused-vars
  Line 441:18:  'openContactFicha' is defined but never used        no-unused-vars
  Line 462:18:  'saveContactFicha' is defined but never used        no-unused-vars
  Line 509:18:  'exportPdf' is defined but never used               no-unused-vars
  Line 528:18:  'downloadImportTemplate' is defined but never used  no-unused-vars

[39m[22m

webpack compiled with [1m[33m1 warning[39m[22m
Compiling...
Compiled with warnings.

[eslint] 
src\pages\DentalCard.jsx
  Line 441:18:  'openContactFicha' is defined but never used        no-unused-vars
  Line 462:18:  'saveContactFicha' is defined but never used        no-unused-vars
  Line 509:18:  'exportPdf' is defined but never used               no-unused-vars
  Line 528:18:  'downloadImportTemplate' is defined but never used  no-unused-vars
  Line 609:9:   'weeklySummary' is assigned a value but never used  no-unused-vars
  Line 616:9:   'topUnit' is assigned a value but never used        no-unused-vars
  Line 617:9:   'topOperator' is assigned a value but never used    no-unused-vars

Search for the keywords to learn more about each warning.
To ignore, add // eslint-disable-next-line to the line before.

[1m[33mWARNING[39m[22m in [1m[eslint] 
src\pages\DentalCard.jsx
  Line 441:18:  'openContactFicha' is defined but never used        no-unused-vars
  Line 462:18:  'saveContactFicha' is defined but never used        no-unused-vars
  Line 509:18:  'exportPdf' is defined but never used               no-unused-vars
  Line 528:18:  'downloadImportTemplate' is defined but never used  no-unused-vars
  Line 609:9:   'weeklySummary' is assigned a value but never used  no-unused-vars
  Line 616:9:   'topUnit' is assigned a value but never used        no-unused-vars
  Line 617:9:   'topOperator' is assigned a value but never used    no-unused-vars

[39m[22m

webpack compiled with [1m[33m1 warning[39m[22m
Compiling...
Compiled with warnings.

[eslint] 
src\pages\DentalCard.jsx
  Line 441:18:  'openContactFicha' is defined but never used        no-unused-vars
  Line 462:18:  'saveContactFicha' is defined but never used        no-unused-vars
  Line 528:18:  'downloadImportTemplate' is defined but never used  no-unused-vars
  Line 609:9:   'weeklySummary' is assigned a value but never used  no-unused-vars
  Line 616:9:   'topUnit' is assigned a value but never used        no-unused-vars
  Line 617:9:   'topOperator' is assigned a value but never used    no-unused-vars

Search for the keywords to learn more about each warning.
To ignore, add // eslint-disable-next-line to the line before.

[1m[33mWARNING[39m[22m in [1m[eslint] 
src\pages\DentalCard.jsx
  Line 441:18:  'openContactFicha' is defined but never used        no-unused-vars
  Line 462:18:  'saveContactFicha' is defined but never used        no-unused-vars
  Line 528:18:  'downloadImportTemplate' is defined but never used  no-unused-vars
  Line 609:9:   'weeklySummary' is assigned a value but never used  no-unused-vars
  Line 616:9:   'topUnit' is assigned a value but never used        no-unused-vars
  Line 617:9:   'topOperator' is assigned a value but never used    no-unused-vars

[39m[22m

webpack compiled with [1m[33m1 warning[39m[22m
Compiling...
Compiled with warnings.

[eslint] 
src\pages\DentalCard.jsx
  Line 441:18:  'openContactFicha' is defined but never used        no-unused-vars
  Line 462:18:  'saveContactFicha' is defined but never used        no-unused-vars
  Line 528:18:  'downloadImportTemplate' is defined but never used  no-unused-vars
  Line 609:9:   'weeklySummary' is assigned a value but never used  no-unused-vars

Search for the keywords to learn more about each warning.
To ignore, add // eslint-disable-next-line to the line before.

[1m[33mWARNING[39m[22m in [1m[eslint] 
src\pages\DentalCard.jsx
  Line 441:18:  'openContactFicha' is defined but never used        no-unused-vars
  Line 462:18:  'saveContactFicha' is defined but never used        no-unused-vars
  Line 528:18:  'downloadImportTemplate' is defined but never used  no-unused-vars
  Line 609:9:   'weeklySummary' is assigned a value but never used  no-unused-vars

[39m[22m

webpack compiled with [1m[33m1 warning[39m[22m
Compiling...
Compiled with warnings.

[eslint] 
src\pages\DentalCard.jsx
  Line 462:18:  'saveContactFicha' is defined but never used        no-unused-vars
  Line 528:18:  'downloadImportTemplate' is defined but never used  no-unused-vars
  Line 609:9:   'weeklySummary' is assigned a value but never used  no-unused-vars

Search for the keywords to learn more about each warning.
To ignore, add // eslint-disable-next-line to the line before.

[1m[33mWARNING[39m[22m in [1m[eslint] 
src\pages\DentalCard.jsx
  Line 462:18:  'saveContactFicha' is defined but never used        no-unused-vars
  Line 528:18:  'downloadImportTemplate' is defined but never used  no-unused-vars
  Line 609:9:   'weeklySummary' is assigned a value but never used  no-unused-vars

[39m[22m

webpack compiled with [1m[33m1 warning[39m[22m
Compiling...
Compiled with warnings.

[eslint] 
src\pages\DentalCard.jsx
  Line 462:18:  'saveContactFicha' is defined but never used  no-unused-vars

Search for the keywords to learn more about each warning.
To ignore, add // eslint-disable-next-line to the line before.

[1m[33mWARNING[39m[22m in [1m[eslint] 
src\pages\DentalCard.jsx
  Line 462:18:  'saveContactFicha' is defined but never used  no-unused-vars

[39m[22m

webpack compiled with [1m[33m1 warning[39m[22m
Compiling...
Compiled with warnings.

[eslint] 
src\pages\DentalCard.jsx
  Line 462:18:  'saveContactFicha' is defined but never used  no-unused-vars

Search for the keywords to learn more about each warning.
To ignore, add // eslint-disable-next-line to the line before.

[1m[33mWARNING[39m[22m in [1m[eslint] 
src\pages\DentalCard.jsx
  Line 462:18:  'saveContactFicha' is defined but never used  no-unused-vars

[39m[22m

webpack compiled with [1m[33m1 warning[39m[22m
Compiling...
Compiled with warnings.

[eslint] 
src\pages\DentalCard.jsx
  Line 462:18:  'saveContactFicha' is defined but never used  no-unused-vars

Search for the keywords to learn more about each warning.
To ignore, add // eslint-disable-next-line to the line before.

[1m[33mWARNING[39m[22m in [1m[eslint] 
src\pages\DentalCard.jsx
  Line 462:18:  'saveContactFicha' is defined but never used  no-unused-vars

[39m[22m

webpack compiled with [1m[33m1 warning[39m[22m
Compiling...
Compiled with warnings.

[eslint] 
src\pages\DentalCard.jsx
  Line 462:18:  'saveContactFicha' is defined but never used  no-unused-vars

Search for the keywords to learn more about each warning.
To ignore, add // eslint-disable-next-line to the line before.

[1m[33mWARNING[39m[22m in [1m[eslint] 
src\pages\DentalCard.jsx
  Line 462:18:  'saveContactFicha' is defined but never used  no-unused-vars

[39m[22m

webpack compiled with [1m[33m1 warning[39m[22m
Compiling...
Compiled with warnings.

[eslint] 
src\pages\DentalCard.jsx
  Line 462:18:  'saveContactFicha' is defined but never used  no-unused-vars

Search for the keywords to learn more about each warning.
To ignore, add // eslint-disable-next-line to the line before.

[1m[33mWARNING[39m[22m in [1m[eslint] 
src\pages\DentalCard.jsx
  Line 462:18:  'saveContactFicha' is defined but never used  no-unused-vars

[39m[22m

webpack compiled with [1m[33m1 warning[39m[22m
Compiling...
Compiled successfully!
webpack compiled [1m[32msuccessfully[39m[22m
Compiling...
Compiled successfully!
webpack compiled [1m[32msuccessfully[39m[22m
Compiling...
Compiled successfully!
webpack compiled [1m[32msuccessfully[39m[22m
Compiling...
Compiled successfully!
webpack compiled [1m[32msuccessfully[39m[22m
Compiling...
Compiled successfully!
webpack compiled [1m[32msuccessfully[39m[22m
Compiling...
Compiled successfully!
webpack compiled [1m[32msuccessfully[39m[22m
Compiling...
Compiled with warnings.

[eslint] 
src\pages\DentalCard.jsx
  Line 122:10:  'formatDateTime' is defined but never used  no-unused-vars

Search for the keywords to learn more about each warning.
To ignore, add // eslint-disable-next-line to the line before.

[1m[33mWARNING[39m[22m in [1m[eslint] 
src\pages\DentalCard.jsx
  Line 122:10:  'formatDateTime' is defined but never used  no-unused-vars

[39m[22m

webpack compiled with [1m[33m1 warning[39m[22m
Compiling...
Compiled successfully!
webpack compiled [1m[32msuccessfully[39m[22m
